http_interactions:
- request:
    method: POST
    uri: https://iad1.qualtrics.com/API/v3/surveys/SV_3gbwq8aJgqPwQDP/export-responses/
    body:
      string: '{"format":"csv","useLabels":true,"timeZone":"America/Denver","limit":15,"includeDisplayOrder":true,"questionIds":["QID17"],"breakoutSets":false}'
  response:
    status: 200
    headers:
      request-time: '150'
      x-frame-options: DENY
      x-xss-protection: 1; mode=block
      x-permitted-cross-domain-policies: master-only
      content-type: application/json
      content-length: '174'
      referrer-policy: strict-origin-when-cross-origin
      x-content-type-options: nosniff
      permissions-policy: camera=(), geolocation=(), microphone=()
      content-security-policy-report-only: frame-ancestors 'self' *.qualtrics.com
        *.my.salesforce.com *.visualforce.com *.visual.force.com *.lightning.force.com;
        report-uri https://sjc1.qualtrics.com/csp-report
      date: Tue, 05 Aug 2025 00:46:42 GMT
      strict-transport-security: max-age=63072000; includeSubDomains; preload
    body:
      string: '{"result":{"progressId":"ES_09hw9UiS13iSh82","percentComplete":0.0,"status":"inProgress"},"meta":{"requestId":"09d9a988-26a6-4c3b-934d-65ed786290ea","httpStatus":"200
        - OK"}}'
  recorded_at: 2025-08-05 00:46:42
- request:
    method: GET
    uri: https://iad1.qualtrics.com/API/v3/surveys/SV_3gbwq8aJgqPwQDP/export-responses/ES_09hw9UiS13iSh82
  response:
    status: 200
    headers:
      request-time: '54'
      x-frame-options: DENY
      x-xss-protection: 1; mode=block
      x-permitted-cross-domain-policies: master-only
      content-type: application/json
      content-length: '140'
      referrer-policy: strict-origin-when-cross-origin
      x-content-type-options: nosniff
      permissions-policy: camera=(), geolocation=(), microphone=()
      content-security-policy-report-only: frame-ancestors 'self' *.qualtrics.com
        *.my.salesforce.com *.visualforce.com *.visual.force.com *.lightning.force.com;
        report-uri https://sjc1.qualtrics.com/csp-report
      date: Tue, 05 Aug 2025 00:46:42 GMT
      strict-transport-security: max-age=63072000; includeSubDomains; preload
    body:
      string: '{"result":{"percentComplete":0.0,"status":"inProgress"},"meta":{"requestId":"e82262e7-8070-415b-8f1d-0d53bdcb65b0","httpStatus":"200
        - OK"}}'
  recorded_at: 2025-08-05 00:46:42
- request:
    method: GET
    uri: https://iad1.qualtrics.com/API/v3/surveys/SV_3gbwq8aJgqPwQDP/export-responses/ES_09hw9UiS13iSh82
  response:
    status: 200
    headers:
      request-time: '47'
      x-frame-options: DENY
      x-xss-protection: 1; mode=block
      x-permitted-cross-domain-policies: master-only
      content-type: application/json
      content-length: '140'
      referrer-policy: strict-origin-when-cross-origin
      x-content-type-options: nosniff
      permissions-policy: camera=(), geolocation=(), microphone=()
      content-security-policy-report-only: frame-ancestors 'self' *.qualtrics.com
        *.my.salesforce.com *.visualforce.com *.visual.force.com *.lightning.force.com;
        report-uri https://sjc1.qualtrics.com/csp-report
      date: Tue, 05 Aug 2025 00:46:43 GMT
      strict-transport-security: max-age=63072000; includeSubDomains; preload
    body:
      string: '{"result":{"percentComplete":0.0,"status":"inProgress"},"meta":{"requestId":"f73e1318-ad94-4e15-89d2-d4a4364550cf","httpStatus":"200
        - OK"}}'
  recorded_at: 2025-08-05 00:46:43
- request:
    method: GET
    uri: https://iad1.qualtrics.com/API/v3/surveys/SV_3gbwq8aJgqPwQDP/export-responses/ES_09hw9UiS13iSh82
  response:
    status: 200
    headers:
      request-time: '50'
      x-frame-options: DENY
      x-xss-protection: 1; mode=block
      x-permitted-cross-domain-policies: master-only
      content-type: application/json
      content-length: '140'
      referrer-policy: strict-origin-when-cross-origin
      x-content-type-options: nosniff
      permissions-policy: camera=(), geolocation=(), microphone=()
      content-security-policy-report-only: frame-ancestors 'self' *.qualtrics.com
        *.my.salesforce.com *.visualforce.com *.visual.force.com *.lightning.force.com;
        report-uri https://sjc1.qualtrics.com/csp-report
      date: Tue, 05 Aug 2025 00:46:43 GMT
      strict-transport-security: max-age=63072000; includeSubDomains; preload
    body:
      string: '{"result":{"percentComplete":0.0,"status":"inProgress"},"meta":{"requestId":"ed50ff6a-2255-4ebe-afcd-ab65efaf08f2","httpStatus":"200
        - OK"}}'
  recorded_at: 2025-08-05 00:46:43
- request:
    method: GET
    uri: https://iad1.qualtrics.com/API/v3/surveys/SV_3gbwq8aJgqPwQDP/export-responses/ES_09hw9UiS13iSh82
  response:
    status: 200
    headers:
      request-time: '67'
      x-frame-options: DENY
      x-xss-protection: 1; mode=block
      x-permitted-cross-domain-policies: master-only
      content-type: application/json
      content-length: '140'
      referrer-policy: strict-origin-when-cross-origin
      x-content-type-options: nosniff
      permissions-policy: camera=(), geolocation=(), microphone=()
      content-security-policy-report-only: frame-ancestors 'self' *.qualtrics.com
        *.my.salesforce.com *.visualforce.com *.visual.force.com *.lightning.force.com;
        report-uri https://sjc1.qualtrics.com/csp-report
      date: Tue, 05 Aug 2025 00:46:43 GMT
      strict-transport-security: max-age=63072000; includeSubDomains; preload
    body:
      string: '{"result":{"percentComplete":0.0,"status":"inProgress"},"meta":{"requestId":"eac6cf71-1c11-406c-a149-9f8ac1b4f5a4","httpStatus":"200
        - OK"}}'
  recorded_at: 2025-08-05 00:46:43
- request:
    method: GET
    uri: https://iad1.qualtrics.com/API/v3/surveys/SV_3gbwq8aJgqPwQDP/export-responses/ES_09hw9UiS13iSh82
  response:
    status: 200
    headers:
      request-time: '45'
      x-frame-options: DENY
      x-xss-protection: 1; mode=block
      x-permitted-cross-domain-policies: master-only
      content-type: application/json
      content-length: '140'
      referrer-policy: strict-origin-when-cross-origin
      x-content-type-options: nosniff
      permissions-policy: camera=(), geolocation=(), microphone=()
      content-security-policy-report-only: frame-ancestors 'self' *.qualtrics.com
        *.my.salesforce.com *.visualforce.com *.visual.force.com *.lightning.force.com;
        report-uri https://sjc1.qualtrics.com/csp-report
      date: Tue, 05 Aug 2025 00:46:43 GMT
      strict-transport-security: max-age=63072000; includeSubDomains; preload
    body:
      string: '{"result":{"percentComplete":0.0,"status":"inProgress"},"meta":{"requestId":"31e670f4-0344-40a1-aa9c-9d6a6da8148b","httpStatus":"200
        - OK"}}'
  recorded_at: 2025-08-05 00:46:43
- request:
    method: GET
    uri: https://iad1.qualtrics.com/API/v3/surveys/SV_3gbwq8aJgqPwQDP/export-responses/ES_09hw9UiS13iSh82
  response:
    status: 200
    headers:
      request-time: '41'
      x-frame-options: DENY
      x-xss-protection: 1; mode=block
      x-permitted-cross-domain-policies: master-only
      content-type: application/json
      content-length: '140'
      referrer-policy: strict-origin-when-cross-origin
      x-content-type-options: nosniff
      permissions-policy: camera=(), geolocation=(), microphone=()
      content-security-policy-report-only: frame-ancestors 'self' *.qualtrics.com
        *.my.salesforce.com *.visualforce.com *.visual.force.com *.lightning.force.com;
        report-uri https://sjc1.qualtrics.com/csp-report
      date: Tue, 05 Aug 2025 00:46:44 GMT
      strict-transport-security: max-age=63072000; includeSubDomains; preload
    body:
      string: '{"result":{"percentComplete":0.0,"status":"inProgress"},"meta":{"requestId":"97a2ce01-a12f-4c3b-ae33-2016e50d2d6e","httpStatus":"200
        - OK"}}'
  recorded_at: 2025-08-05 00:46:44
- request:
    method: GET
    uri: https://iad1.qualtrics.com/API/v3/surveys/SV_3gbwq8aJgqPwQDP/export-responses/ES_09hw9UiS13iSh82
  response:
    status: 200
    headers:
      request-time: '54'
      x-frame-options: DENY
      x-xss-protection: 1; mode=block
      x-permitted-cross-domain-policies: master-only
      content-type: application/json
      content-length: '140'
      referrer-policy: strict-origin-when-cross-origin
      x-content-type-options: nosniff
      permissions-policy: camera=(), geolocation=(), microphone=()
      content-security-policy-report-only: frame-ancestors 'self' *.qualtrics.com
        *.my.salesforce.com *.visualforce.com *.visual.force.com *.lightning.force.com;
        report-uri https://sjc1.qualtrics.com/csp-report
      date: Tue, 05 Aug 2025 00:46:44 GMT
      strict-transport-security: max-age=63072000; includeSubDomains; preload
    body:
      string: '{"result":{"percentComplete":0.0,"status":"inProgress"},"meta":{"requestId":"f3b1b909-13f9-43f3-a4c3-c5a20b11d0c6","httpStatus":"200
        - OK"}}'
  recorded_at: 2025-08-05 00:46:44
- request:
    method: GET
    uri: https://iad1.qualtrics.com/API/v3/surveys/SV_3gbwq8aJgqPwQDP/export-responses/ES_09hw9UiS13iSh82
  response:
    status: 200
    headers:
      request-time: '50'
      x-frame-options: DENY
      x-xss-protection: 1; mode=block
      x-permitted-cross-domain-policies: master-only
      content-type: application/json
      content-length: '192'
      referrer-policy: strict-origin-when-cross-origin
      x-content-type-options: nosniff
      permissions-policy: camera=(), geolocation=(), microphone=()
      content-security-policy-report-only: frame-ancestors 'self' *.qualtrics.com
        *.my.salesforce.com *.visualforce.com *.visual.force.com *.lightning.force.com;
        report-uri https://sjc1.qualtrics.com/csp-report
      date: Tue, 05 Aug 2025 00:46:44 GMT
      strict-transport-security: max-age=63072000; includeSubDomains; preload
    body:
      string: '{"result":{"fileId":"59d5d7f0-15b8-4b3a-ac2d-0bfcac7d7e04-def","percentComplete":100.0,"status":"complete"},"meta":{"requestId":"2da2604d-5c9c-4bac-a200-f80c67e40379","httpStatus":"200
        - OK"}}'
  recorded_at: 2025-08-05 00:46:44
- request:
    method: GET
    uri: https://iad1.qualtrics.com/API/v3/surveys/SV_3gbwq8aJgqPwQDP/export-responses/59d5d7f0-15b8-4b3a-ac2d-0bfcac7d7e04-def/file
  response:
    status: 200
    headers:
      request-time: '89'
      x-frame-options: DENY
      x-xss-protection: 1; mode=block
      content-disposition: attachment; filename=Beskar+Armor.zip
      x-permitted-cross-domain-policies: master-only
      content-type: application/zip
      content-length: '1373'
      referrer-policy: strict-origin-when-cross-origin
      x-content-type-options: nosniff
      permissions-policy: camera=(), geolocation=(), microphone=()
      content-security-policy-report-only: frame-ancestors 'self' *.qualtrics.com
        *.my.salesforce.com *.visualforce.com *.visual.force.com *.lightning.force.com;
        report-uri https://sjc1.qualtrics.com/csp-report
      date: Tue, 05 Aug 2025 00:46:44 GMT
      strict-transport-security: max-age=63072000; includeSubDomains; preload
    body:
      raw_gzip: |-
        eJxdlHlYEgYAxXEIkmmeeSveV1aCOk2bTNTpJPOckmfeoJJ5hOmaWcTQskKNPPBYzqO1PFJA
        UystSJC
        kkgQdkloS5UVqh2nU2l/r673vfe/73vv/F4wCKmoDIBAIQAACRQO+kvqXIFNyMxJy
        TL1ycFk5e5Jy8W
        OU6DCRm/bIjAdfNrvKXyl7tFC0yt1hpT4+HqOyjIyHW0cQUIlttxXHeUXv
        Kcs/ao04E6dIcBUzP6k/Q
        v5W+LjApLnAhq3qduHewvp+tTVz4K25BL1Wa+6QY2DrBKLeXHXN
        trQe0TTJeWBZem8p6KgmKwSfhJwV
        +RvUFurMJJ+z5B3oPOt3js38cIgskR8+UuRzsImm796g
        9FjFaEZqfZ5Qk+VJfcLUAvIqfqZv1MipunM
        /mZa2HWvWSikwiNVNefPSuiTJCQiFVzaAVmmQ
        VnBZl6KUcz3g9Rh8dEm6GCltUeQRwDyd27k3ovT+Jq
        6Hwgz4b90R+IVLhW6igXx739phXOCo
        HTAtUj/Nz6At1jAtzEgaUs8/jK37JdQtFXsP713gyFneYe172
        SbXsHuKi0msm3W3W4M7HesI
        xBs2HyTzKt/IdHBiWYeIurfCWUbsWLx55N2sqxDUQfXLXbcrDXTJwwhL
        rIfjjbWiAUK5MNWZ
        G4gbr9qZRukRjTSxNs+ISLqLSVlQVWEcBioffOezhenPzohjtGf/4Ct7BWJ0zjT
        QRjxu2nTC
        JVptNHw69olfI6ONZyAsDBIQGhvdSGLwowZ0Zh7xXVlIJyFlK5gvSREsRipq5BWzFQQ7Ik
        x0
        TCz+0Kg0EcwO+lelSlTConErgCGIgv2wb1S1+MTpYoTnJafNY27ycQt+OTqueI1kZkuZj1Le
        A1FS
        qvBi0gUVuSwXipGDYLvR+2EKB4DVDJ3Pfoouhz9syszzaDdNJSv7Y0ABEKzF7sVLVixO
        r4b74AK0RSs
        nd1+hpaQakzBH9tGO7NO299VoOgO3sg1JcS6pPO4StCRa13bim4Sdp+9bc5gG
        98wHa7A1kq/rVNHNhC
        mfqouMN2TW54Zh/TUqA427kkdNI5DmwzUSBpwALNvZHGDv45jADq3S
        lAEZNAFYzzlx3LtPoczqlJ535
        sOBCv1lcyGRaS4Vh3i+Zi0VcsDh+ekUK0u2csAbC5gZ2c5X
        nR9jyrv2UicbMQV6cdfi2o09QpMX1CG0
        E9vF0sj7dEaig49hTuzCxSpxR93bzZ7FrSt1Ym48
        7XUQZluO+nvIquN3HrCO77HEYjQaGh12mLUrKqN
        p9ySU0k9jvqoS5RPC6tvmjI27/tEUhOjZ
        jTXPh/+pjIZdbUmFbBsVUCdRB1Zbby/qrZInLVsF6uFeON
        BdOjG6gOt+aK01Czv9uS/RW7zv
        DjRi0Mfr1ynIM+RfSn1A4hUdFQt7WoX2Mt3nlkpnMpZ51Y9B3taD7
        xLeT28PX06Yuh+ju/nc
        FSttMrx4YebkZpd77bTQAOXffqocB0ez6edbfq/VzIw1K0f6r+DPGqeW7adN
        2C6gP6AYtVRG
        IORZ98gEM5O0ceMBlPQRHtD50TX7uKt+DNMFRmSQYGMlpsj1/t4EB7PumaX8Xc6pmDu
        wUSpy
        tKPL0EJN7T6Rs7ZJHxqoVrv5yW12PcGc9Fv9dNGm6d6Tq62Sifmg7PL450jEc6Rs69ZTSboz
        W
        cylHtkQHX21wsFc67zMz0LV7oQ2siYwHz7vrUYKwWNBZ8NMmN29GzjF7Q8e277o/RgXrwop
        fOrlaaeH
        O1TmCbx+gkO42NMLzEmLZ61w5hDyqmK5UjBKCWKTN5zOVQQAVNUAgGCUwnfagP9R
        +PWnDvhW34IxGAU
        C/7crfLHnl94GAgAAgH8Buht6PA==
  recorded_at: 2025-08-05 00:46:44
- request:
    method: GET
    uri: https://iad1.qualtrics.com/API/v3/surveys/SV_3gbwq8aJgqPwQDP/
  response:
    status: 200
    headers:
      request-time: '212'
      x-frame-options: DENY
      x-xss-protection: 1; mode=block
      x-permitted-cross-domain-policies: master-only
      content-type: application/json
      content-length: '8489'
      referrer-policy: strict-origin-when-cross-origin
      x-content-type-options: nosniff
      permissions-policy: camera=(), geolocation=(), microphone=()
      content-security-policy-report-only: frame-ancestors 'self' *.qualtrics.com
        *.my.salesforce.com *.visualforce.com *.visual.force.com *.lightning.force.com;
        report-uri https://sjc1.qualtrics.com/csp-report
      date: Tue, 05 Aug 2025 00:46:45 GMT
      strict-transport-security: max-age=63072000; includeSubDomains; preload
    body:
      string: '{"result":{"id":"SV_3gbwq8aJgqPwQDP","name":"Beskar Armor","ownerId":"UR_8wfG5qsMxuh0Jrn","organizationId":"conjoint","isActive":true,"creationDate":"2020-02-20T00:35:40Z","lastModifiedDate":"2024-06-10T23:20:09Z","expiration":{"startDate":null,"endDate":null},"questions":{"QID63":{"questionType":{"type":"MC","selector":"SAVR","subSelector":"TX"},"questionText":"How
        often do you typically use your beskar armor?","questionLabel":null,"validation":{"doesForceResponse":true},"questionName":"Q63","choices":{"1":{"recode":"1","description":"daily","choiceText":"<span
        style=\"color:#8e44ad;\">Daily</span>","imageDescription":null,"variableName":"daily","analyze":true},"2":{"recode":"2","description":"weekly","choiceText":"Weekly","imageDescription":null,"variableName":"weekly","analyze":true},"3":{"recode":"3","description":"monthly","choiceText":"Once
        a <span style=\"background-color:#9b59b6;\">month</span>","imageDescription":null,"variableName":"monthly","analyze":true},"4":{"recode":"4","description":"less
        often","choiceText":"<a href=\"https://www.instagram.com/p/B5qn5ath0ij/?hl=en\">Less
        often</a>","imageDescription":null,"variableName":"less often","analyze":true},"5":{"recode":"5","description":"do
        not use","choiceText":"Do not use","imageDescription":null,"variableName":"do
        not use","analyze":true}}},"QID16":{"questionType":{"type":"MC","selector":"SAVR","subSelector":"TX"},"questionText":"Overall,
        how satisfied are you with your beskar armor?","questionLabel":null,"validation":{"doesForceResponse":true},"questionName":"Q16","choices":{"5":{"recode":"5","description":"<strong>Extremely</strong>
        satisfied","choiceText":"<strong>Extremely</strong> satisfied","imageDescription":null,"variableName":null,"analyze":true},"4":{"recode":"4","description":"<a
        href=\"https://giphy.com/explore/baby-yoda\">Somewhat satisfied</a>","choiceText":"<a
        href=\"https://giphy.com/explore/baby-yoda\">Somewhat satisfied</a>","imageDescription":null,"variableName":null,"analyze":true},"3":{"recode":"3","description":"<span
        style=\"background-color:#e74c3c;\">Neither</span> <span style=\"background-color:#e67e22;\">satisfied</span>
        <span style=\"background-color:#f1c40f;\">nor</span> <span style=\"background-color:#27ae60;\">dissatisfied</span>","choiceText":"<span
        style=\"background-color:#e74c3c;\">Neither</span> <span style=\"background-color:#e67e22;\">satisfied</span>
        <span style=\"background-color:#f1c40f;\">nor</span> <span style=\"background-color:#27ae60;\">dissatisfied</span>","imageDescription":null,"variableName":null,"analyze":true},"2":{"recode":"2","description":"<a
        href=\"https://www.gq.com/story/werner-herzog-baby-yoda\">Somewhat dissatisfied</a>","choiceText":"<a
        href=\"https://www.gq.com/story/werner-herzog-baby-yoda\">Somewhat dissatisfied</a>","imageDescription":null,"variableName":null,"analyze":true},"1":{"recode":"1","description":"<em>Extremely</em>
        dissatisfied","choiceText":"<em>Extremely</em> dissatisfied","imageDescription":null,"variableName":null,"analyze":true}}},"QID17":{"questionType":{"type":"MC","selector":"SAHR","subSelector":"TX"},"questionText":"Have
        you ever contacted customer service about your beskar armor?","questionLabel":null,"validation":{"doesForceResponse":true},"questionName":"Q17","choices":{"1":{"recode":"1","description":"Yes","choiceText":"Yes","imageDescription":null,"variableName":null,"analyze":true},"2":{"recode":"2","description":"No","choiceText":"No","imageDescription":null,"variableName":null,"analyze":true}}},"QID18":{"questionType":{"type":"MC","selector":"SAVR","subSelector":"TX"},"questionText":"Have
        all problems been resolved to your complete satisfaction?","questionLabel":null,"validation":{"doesForceResponse":false},"questionName":"Q18","choices":{"1":{"recode":"1","description":"Yes,
        by the tribe or its representatives \n<video class=\"qmedia\" controls=\"true\"
        height=\"268\" preload=\"auto\" width=\"268\"><source src=\"https://i.imgur.com/QlAme0q.mp4\"
        type=\"video/mp4\" /><embed align=\"middle\" autoplay=\"false\" bgcolor=\"white\"
        class=\"qmedia\" controller=\"true\" height=\"268\" pluginspage=\"http://www.apple.com/quicktime/download/\"
        src=\"https://i.imgur.com/QlAme0q.mp4\" type=\"video/quicktime\" width=\"268\"
        /></video>\n","choiceText":"Yes, by the tribe or its representatives \n<video
        class=\"qmedia\" controls=\"true\" height=\"268\" preload=\"auto\" width=\"268\"><source
        src=\"https://i.imgur.com/QlAme0q.mp4\" type=\"video/mp4\" /><embed align=\"middle\"
        autoplay=\"false\" bgcolor=\"white\" class=\"qmedia\" controller=\"true\"
        height=\"268\" pluginspage=\"http://www.apple.com/quicktime/download/\" src=\"https://i.imgur.com/QlAme0q.mp4\"
        type=\"video/quicktime\" width=\"268\" /></video>\n","imageDescription":null,"variableName":null,"analyze":true},"2":{"recode":"2","description":"Yes,
        by me or someone outside the tribe \n<video class=\"qmedia\" controls=\"true\"
        height=\"268\" preload=\"auto\" width=\"268\"><source src=\"https://i.imgur.com/5sRVO4d.mp4\"
        type=\"video/mp4\" /><embed align=\"middle\" autoplay=\"false\" bgcolor=\"white\"
        class=\"qmedia\" controller=\"true\" height=\"268\" pluginspage=\"http://www.apple.com/quicktime/download/\"
        src=\"https://i.imgur.com/5sRVO4d.mp4\" type=\"video/quicktime\" width=\"268\"
        /></video>\n","choiceText":"Yes, by me or someone outside the tribe \n<video
        class=\"qmedia\" controls=\"true\" height=\"268\" preload=\"auto\" width=\"268\"><source
        src=\"https://i.imgur.com/5sRVO4d.mp4\" type=\"video/mp4\" /><embed align=\"middle\"
        autoplay=\"false\" bgcolor=\"white\" class=\"qmedia\" controller=\"true\"
        height=\"268\" pluginspage=\"http://www.apple.com/quicktime/download/\" src=\"https://i.imgur.com/5sRVO4d.mp4\"
        type=\"video/quicktime\" width=\"268\" /></video>\n","imageDescription":null,"variableName":null,"analyze":true},"3":{"recode":"3","description":"No,
        the problem was not resolved \n<video class=\"qmedia\" controls=\"true\" height=\"168\"
        preload=\"auto\" width=\"268\"><source src=\"https://i.imgur.com/i40m72o.mp4\"
        type=\"video/mp4\" /><embed align=\"middle\" autoplay=\"false\" bgcolor=\"white\"
        class=\"qmedia\" controller=\"true\" height=\"168\" pluginspage=\"http://www.apple.com/quicktime/download/\"
        src=\"https://i.imgur.com/i40m72o.mp4\" type=\"video/quicktime\" width=\"268\"
        /></video>\n","choiceText":"No, the problem was not resolved \n<video class=\"qmedia\"
        controls=\"true\" height=\"168\" preload=\"auto\" width=\"268\"><source src=\"https://i.imgur.com/i40m72o.mp4\"
        type=\"video/mp4\" /><embed align=\"middle\" autoplay=\"false\" bgcolor=\"white\"
        class=\"qmedia\" controller=\"true\" height=\"168\" pluginspage=\"http://www.apple.com/quicktime/download/\"
        src=\"https://i.imgur.com/i40m72o.mp4\" type=\"video/quicktime\" width=\"268\"
        /></video>\n","imageDescription":null,"variableName":null,"analyze":true}}},"QID19":{"questionType":{"type":"TE","selector":"ESTB","subSelector":null},"questionText":"Why
        not?","questionLabel":null,"validation":{"doesForceResponse":false},"questionName":"Q19"},"QID22":{"questionType":{"type":"TE","selector":"ESTB","subSelector":null},"questionText":"If
        you would like to share any additional comments or experiences about your
        beskar armor, please enter them below.","questionLabel":null,"validation":{"doesForceResponse":false},"questionName":"Q22"}},"exportColumnMap":{"Q63":{"question":"QID63"},"Q16":{"question":"QID16"},"Q17":{"question":"QID17"},"Q18":{"question":"QID18"},"Q19":{"question":"QID19"},"Q22":{"question":"QID22"}},"blocks":{"BL_9z6tnZPkYBL62LH":{"description":"CSAT
        Intro","elements":[{"type":"Question","questionId":"QID63"}]},"BL_bvJSDbLJ6WXqDU9":{"description":"Overall
        Satisfaction, Customer Service, Future","elements":[{"type":"Question","questionId":"QID16"},{"type":"PageBreak"},{"type":"Question","questionId":"QID17"},{"type":"PageBreak"},{"type":"Question","questionId":"QID18"},{"type":"PageBreak"},{"type":"Question","questionId":"QID19"},{"type":"PageBreak"},{"type":"Question","questionId":"QID22"}]}},"flow":[{"type":"Group","flow":[{"type":"EmbeddedData"}]},{"id":"BL_9z6tnZPkYBL62LH","type":"Block"},{"type":"BlockRandomizer","randomizationOptions":{"randomSubset":0,"evenPresentation":false}},{"id":"BL_bvJSDbLJ6WXqDU9","type":"Block"}],"embeddedData":[{"name":"SolutionRevision","defaultValue":"2"}],"comments":{},"loopAndMerge":{},"responseCounts":{"auditable":27,"generated":17,"deleted":0}},"meta":{"httpStatus":"200
        - OK","requestId":"d8feb1bb-dd3c-43af-ab9a-46e1ee7df73f"}}'
  recorded_at: 2025-08-05 00:46:45
recorded_with: VCR-vcr/2.0.0
