http_interactions:
- request:
    method: POST
    uri: https://iad1.qualtrics.com/API/v3/surveys/SV_3gbwq8aJgqPwQDP/export-responses/
    body:
      string: '{"format":"csv","useLabels":true,"startDate":"2015-01-01T00:00:00-07:00","endDate":"2022-06-02T18:40:53-06:00","timeZone":"America/Denver","limit":15,"seenUnansweredRecode":999,"multiselectSeenUnansweredRecode":999,"includeDisplayOrder":true,"questionIds":[],"surveyMetadataIds":[],"breakoutSets":false}'
  response:
    status: 200
    headers:
      request-time: '254'
      x-frame-options: DENY
      x-xss-protection: 1; mode=block
      x-permitted-cross-domain-policies: master-only
      content-type: application/json
      content-length: '174'
      referrer-policy: strict-origin-when-cross-origin
      x-content-type-options: nosniff
      permissions-policy: camera=(), geolocation=(), microphone=()
      content-security-policy-report-only: frame-ancestors 'self' *.qualtrics.com
        *.my.salesforce.com *.visualforce.com *.visual.force.com *.lightning.force.com;
        report-uri https://sjc1.qualtrics.com/csp-report
      date: Tue, 05 Aug 2025 02:59:46 GMT
      strict-transport-security: max-age=63072000; includeSubDomains; preload
    body:
      string: '{"result":{"progressId":"ES_etDRRwbspBwHPLg","percentComplete":0.0,"status":"inProgress"},"meta":{"requestId":"d95ec224-36a4-4ee1-9808-3d680f7e47bc","httpStatus":"200
        - OK"}}'
  recorded_at: 2025-08-05 02:59:46
- request:
    method: GET
    uri: https://iad1.qualtrics.com/API/v3/surveys/SV_3gbwq8aJgqPwQDP/export-responses/ES_etDRRwbspBwHPLg
  response:
    status: 200
    headers:
      request-time: '57'
      x-frame-options: DENY
      x-xss-protection: 1; mode=block
      x-permitted-cross-domain-policies: master-only
      content-type: application/json
      content-length: '140'
      referrer-policy: strict-origin-when-cross-origin
      x-content-type-options: nosniff
      permissions-policy: camera=(), geolocation=(), microphone=()
      content-security-policy-report-only: frame-ancestors 'self' *.qualtrics.com
        *.my.salesforce.com *.visualforce.com *.visual.force.com *.lightning.force.com;
        report-uri https://sjc1.qualtrics.com/csp-report
      date: Tue, 05 Aug 2025 02:59:47 GMT
      strict-transport-security: max-age=63072000; includeSubDomains; preload
    body:
      string: '{"result":{"percentComplete":0.0,"status":"inProgress"},"meta":{"requestId":"b2485638-7f40-49b4-a5aa-7c9852e3a57a","httpStatus":"200
        - OK"}}'
  recorded_at: 2025-08-05 02:59:47
- request:
    method: GET
    uri: https://iad1.qualtrics.com/API/v3/surveys/SV_3gbwq8aJgqPwQDP/export-responses/ES_etDRRwbspBwHPLg
  response:
    status: 200
    headers:
      request-time: '57'
      x-frame-options: DENY
      x-xss-protection: 1; mode=block
      x-permitted-cross-domain-policies: master-only
      content-type: application/json
      content-length: '140'
      referrer-policy: strict-origin-when-cross-origin
      x-content-type-options: nosniff
      permissions-policy: camera=(), geolocation=(), microphone=()
      content-security-policy-report-only: frame-ancestors 'self' *.qualtrics.com
        *.my.salesforce.com *.visualforce.com *.visual.force.com *.lightning.force.com;
        report-uri https://sjc1.qualtrics.com/csp-report
      date: Tue, 05 Aug 2025 02:59:47 GMT
      strict-transport-security: max-age=63072000; includeSubDomains; preload
    body:
      string: '{"result":{"percentComplete":0.0,"status":"inProgress"},"meta":{"requestId":"1f368b44-8ba5-430e-891e-4b77babe5b5c","httpStatus":"200
        - OK"}}'
  recorded_at: 2025-08-05 02:59:47
- request:
    method: GET
    uri: https://iad1.qualtrics.com/API/v3/surveys/SV_3gbwq8aJgqPwQDP/export-responses/ES_etDRRwbspBwHPLg
  response:
    status: 200
    headers:
      request-time: '53'
      x-frame-options: DENY
      x-xss-protection: 1; mode=block
      x-permitted-cross-domain-policies: master-only
      content-type: application/json
      content-length: '140'
      referrer-policy: strict-origin-when-cross-origin
      x-content-type-options: nosniff
      permissions-policy: camera=(), geolocation=(), microphone=()
      content-security-policy-report-only: frame-ancestors 'self' *.qualtrics.com
        *.my.salesforce.com *.visualforce.com *.visual.force.com *.lightning.force.com;
        report-uri https://sjc1.qualtrics.com/csp-report
      date: Tue, 05 Aug 2025 02:59:47 GMT
      strict-transport-security: max-age=63072000; includeSubDomains; preload
    body:
      string: '{"result":{"percentComplete":0.0,"status":"inProgress"},"meta":{"requestId":"f6857873-19dc-4119-a862-e298474df5f9","httpStatus":"200
        - OK"}}'
  recorded_at: 2025-08-05 02:59:47
- request:
    method: GET
    uri: https://iad1.qualtrics.com/API/v3/surveys/SV_3gbwq8aJgqPwQDP/export-responses/ES_etDRRwbspBwHPLg
  response:
    status: 200
    headers:
      request-time: '58'
      x-frame-options: DENY
      x-xss-protection: 1; mode=block
      x-permitted-cross-domain-policies: master-only
      content-type: application/json
      content-length: '140'
      referrer-policy: strict-origin-when-cross-origin
      x-content-type-options: nosniff
      permissions-policy: camera=(), geolocation=(), microphone=()
      content-security-policy-report-only: frame-ancestors 'self' *.qualtrics.com
        *.my.salesforce.com *.visualforce.com *.visual.force.com *.lightning.force.com;
        report-uri https://sjc1.qualtrics.com/csp-report
      date: Tue, 05 Aug 2025 02:59:47 GMT
      strict-transport-security: max-age=63072000; includeSubDomains; preload
    body:
      string: '{"result":{"percentComplete":0.0,"status":"inProgress"},"meta":{"requestId":"817e5615-1d98-4560-8105-da292314abc5","httpStatus":"200
        - OK"}}'
  recorded_at: 2025-08-05 02:59:47
- request:
    method: GET
    uri: https://iad1.qualtrics.com/API/v3/surveys/SV_3gbwq8aJgqPwQDP/export-responses/ES_etDRRwbspBwHPLg
  response:
    status: 200
    headers:
      request-time: '65'
      x-frame-options: DENY
      x-xss-protection: 1; mode=block
      x-permitted-cross-domain-policies: master-only
      content-type: application/json
      content-length: '140'
      referrer-policy: strict-origin-when-cross-origin
      x-content-type-options: nosniff
      permissions-policy: camera=(), geolocation=(), microphone=()
      content-security-policy-report-only: frame-ancestors 'self' *.qualtrics.com
        *.my.salesforce.com *.visualforce.com *.visual.force.com *.lightning.force.com;
        report-uri https://sjc1.qualtrics.com/csp-report
      date: Tue, 05 Aug 2025 02:59:48 GMT
      strict-transport-security: max-age=63072000; includeSubDomains; preload
    body:
      string: '{"result":{"percentComplete":0.0,"status":"inProgress"},"meta":{"requestId":"f963fc84-539b-4df9-9586-f0cf2cb41fb2","httpStatus":"200
        - OK"}}'
  recorded_at: 2025-08-05 02:59:48
- request:
    method: GET
    uri: https://iad1.qualtrics.com/API/v3/surveys/SV_3gbwq8aJgqPwQDP/export-responses/ES_etDRRwbspBwHPLg
  response:
    status: 200
    headers:
      request-time: '57'
      x-frame-options: DENY
      x-xss-protection: 1; mode=block
      x-permitted-cross-domain-policies: master-only
      content-type: application/json
      content-length: '140'
      referrer-policy: strict-origin-when-cross-origin
      x-content-type-options: nosniff
      permissions-policy: camera=(), geolocation=(), microphone=()
      content-security-policy-report-only: frame-ancestors 'self' *.qualtrics.com
        *.my.salesforce.com *.visualforce.com *.visual.force.com *.lightning.force.com;
        report-uri https://sjc1.qualtrics.com/csp-report
      date: Tue, 05 Aug 2025 02:59:48 GMT
      strict-transport-security: max-age=63072000; includeSubDomains; preload
    body:
      string: '{"result":{"percentComplete":0.0,"status":"inProgress"},"meta":{"requestId":"822a2f2f-00e2-4f60-9706-1a01d2959c61","httpStatus":"200
        - OK"}}'
  recorded_at: 2025-08-05 02:59:48
- request:
    method: GET
    uri: https://iad1.qualtrics.com/API/v3/surveys/SV_3gbwq8aJgqPwQDP/export-responses/ES_etDRRwbspBwHPLg
  response:
    status: 200
    headers:
      request-time: '45'
      x-frame-options: DENY
      x-xss-protection: 1; mode=block
      x-permitted-cross-domain-policies: master-only
      content-type: application/json
      content-length: '140'
      referrer-policy: strict-origin-when-cross-origin
      x-content-type-options: nosniff
      permissions-policy: camera=(), geolocation=(), microphone=()
      content-security-policy-report-only: frame-ancestors 'self' *.qualtrics.com
        *.my.salesforce.com *.visualforce.com *.visual.force.com *.lightning.force.com;
        report-uri https://sjc1.qualtrics.com/csp-report
      date: Tue, 05 Aug 2025 02:59:48 GMT
      strict-transport-security: max-age=63072000; includeSubDomains; preload
    body:
      string: '{"result":{"percentComplete":0.0,"status":"inProgress"},"meta":{"requestId":"8e621645-7c98-4852-9cad-4aa19f70f9dc","httpStatus":"200
        - OK"}}'
  recorded_at: 2025-08-05 02:59:48
- request:
    method: GET
    uri: https://iad1.qualtrics.com/API/v3/surveys/SV_3gbwq8aJgqPwQDP/export-responses/ES_etDRRwbspBwHPLg
  response:
    status: 200
    headers:
      request-time: '43'
      x-frame-options: DENY
      x-xss-protection: 1; mode=block
      x-permitted-cross-domain-policies: master-only
      content-type: application/json
      content-length: '192'
      referrer-policy: strict-origin-when-cross-origin
      x-content-type-options: nosniff
      permissions-policy: camera=(), geolocation=(), microphone=()
      content-security-policy-report-only: frame-ancestors 'self' *.qualtrics.com
        *.my.salesforce.com *.visualforce.com *.visual.force.com *.lightning.force.com;
        report-uri https://sjc1.qualtrics.com/csp-report
      date: Tue, 05 Aug 2025 02:59:48 GMT
      strict-transport-security: max-age=63072000; includeSubDomains; preload
    body:
      string: '{"result":{"fileId":"5edfbbae-ebe1-45a1-9cb0-a7c6bd2bb4f4-def","percentComplete":100.0,"status":"complete"},"meta":{"requestId":"9c2ea0dc-6767-45d4-b8ee-fc348edf782a","httpStatus":"200
        - OK"}}'
  recorded_at: 2025-08-05 02:59:48
- request:
    method: GET
    uri: https://iad1.qualtrics.com/API/v3/surveys/SV_3gbwq8aJgqPwQDP/export-responses/5edfbbae-ebe1-45a1-9cb0-a7c6bd2bb4f4-def/file
  response:
    status: 200
    headers:
      request-time: '82'
      x-frame-options: DENY
      x-xss-protection: 1; mode=block
      content-disposition: attachment; filename=Beskar+Armor.zip
      x-permitted-cross-domain-policies: master-only
      content-type: application/zip
      content-length: '195'
      referrer-policy: strict-origin-when-cross-origin
      x-content-type-options: nosniff
      permissions-policy: camera=(), geolocation=(), microphone=()
      content-security-policy-report-only: frame-ancestors 'self' *.qualtrics.com
        *.my.salesforce.com *.visualforce.com *.visual.force.com *.lightning.force.com;
        report-uri https://sjc1.qualtrics.com/csp-report
      date: Tue, 05 Aug 2025 02:59:49 GMT
      strict-transport-security: max-age=63072000; includeSubDomains; preload
    body:
      raw_gzip: |-
        eJwL8GZmEWHg4OBgqBBnjWZAAgJA7JRanJ1YpOBYlJtfpJdcXMZ97rym7skz57m9dE/rsF3a
        E3NQQsn
        rqpfXvJ2sP11V52l6eYV5eb3wmjIla2rFzh4PR4YAb3aOubM2GxsCDasA4gBvRiYR
        BoSFyHICDOgA3f
        oAb1Y2kDgjENoB6XywKgCk2Cw4
  recorded_at: 2025-08-05 02:59:49
- request:
    method: GET
    uri: https://iad1.qualtrics.com/API/v3/surveys/SV_3gbwq8aJgqPwQDP/
  response:
    status: 200
    headers:
      request-time: '220'
      x-frame-options: DENY
      x-xss-protection: 1; mode=block
      x-permitted-cross-domain-policies: master-only
      content-type: application/json
      content-length: '8489'
      referrer-policy: strict-origin-when-cross-origin
      x-content-type-options: nosniff
      permissions-policy: camera=(), geolocation=(), microphone=()
      content-security-policy-report-only: frame-ancestors 'self' *.qualtrics.com
        *.my.salesforce.com *.visualforce.com *.visual.force.com *.lightning.force.com;
        report-uri https://sjc1.qualtrics.com/csp-report
      date: Tue, 05 Aug 2025 02:59:49 GMT
      strict-transport-security: max-age=63072000; includeSubDomains; preload
    body:
      string: '{"result":{"id":"SV_3gbwq8aJgqPwQDP","name":"Beskar Armor","ownerId":"UR_8wfG5qsMxuh0Jrn","organizationId":"conjoint","isActive":true,"creationDate":"2020-02-20T00:35:40Z","lastModifiedDate":"2024-06-10T23:20:09Z","expiration":{"startDate":null,"endDate":null},"questions":{"QID63":{"questionType":{"type":"MC","selector":"SAVR","subSelector":"TX"},"questionText":"How
        often do you typically use your beskar armor?","questionLabel":null,"validation":{"doesForceResponse":true},"questionName":"Q63","choices":{"1":{"recode":"1","description":"daily","choiceText":"<span
        style=\"color:#8e44ad;\">Daily</span>","imageDescription":null,"variableName":"daily","analyze":true},"2":{"recode":"2","description":"weekly","choiceText":"Weekly","imageDescription":null,"variableName":"weekly","analyze":true},"3":{"recode":"3","description":"monthly","choiceText":"Once
        a <span style=\"background-color:#9b59b6;\">month</span>","imageDescription":null,"variableName":"monthly","analyze":true},"4":{"recode":"4","description":"less
        often","choiceText":"<a href=\"https://www.instagram.com/p/B5qn5ath0ij/?hl=en\">Less
        often</a>","imageDescription":null,"variableName":"less often","analyze":true},"5":{"recode":"5","description":"do
        not use","choiceText":"Do not use","imageDescription":null,"variableName":"do
        not use","analyze":true}}},"QID16":{"questionType":{"type":"MC","selector":"SAVR","subSelector":"TX"},"questionText":"Overall,
        how satisfied are you with your beskar armor?","questionLabel":null,"validation":{"doesForceResponse":true},"questionName":"Q16","choices":{"5":{"recode":"5","description":"<strong>Extremely</strong>
        satisfied","choiceText":"<strong>Extremely</strong> satisfied","imageDescription":null,"variableName":null,"analyze":true},"4":{"recode":"4","description":"<a
        href=\"https://giphy.com/explore/baby-yoda\">Somewhat satisfied</a>","choiceText":"<a
        href=\"https://giphy.com/explore/baby-yoda\">Somewhat satisfied</a>","imageDescription":null,"variableName":null,"analyze":true},"3":{"recode":"3","description":"<span
        style=\"background-color:#e74c3c;\">Neither</span> <span style=\"background-color:#e67e22;\">satisfied</span>
        <span style=\"background-color:#f1c40f;\">nor</span> <span style=\"background-color:#27ae60;\">dissatisfied</span>","choiceText":"<span
        style=\"background-color:#e74c3c;\">Neither</span> <span style=\"background-color:#e67e22;\">satisfied</span>
        <span style=\"background-color:#f1c40f;\">nor</span> <span style=\"background-color:#27ae60;\">dissatisfied</span>","imageDescription":null,"variableName":null,"analyze":true},"2":{"recode":"2","description":"<a
        href=\"https://www.gq.com/story/werner-herzog-baby-yoda\">Somewhat dissatisfied</a>","choiceText":"<a
        href=\"https://www.gq.com/story/werner-herzog-baby-yoda\">Somewhat dissatisfied</a>","imageDescription":null,"variableName":null,"analyze":true},"1":{"recode":"1","description":"<em>Extremely</em>
        dissatisfied","choiceText":"<em>Extremely</em> dissatisfied","imageDescription":null,"variableName":null,"analyze":true}}},"QID17":{"questionType":{"type":"MC","selector":"SAHR","subSelector":"TX"},"questionText":"Have
        you ever contacted customer service about your beskar armor?","questionLabel":null,"validation":{"doesForceResponse":true},"questionName":"Q17","choices":{"1":{"recode":"1","description":"Yes","choiceText":"Yes","imageDescription":null,"variableName":null,"analyze":true},"2":{"recode":"2","description":"No","choiceText":"No","imageDescription":null,"variableName":null,"analyze":true}}},"QID18":{"questionType":{"type":"MC","selector":"SAVR","subSelector":"TX"},"questionText":"Have
        all problems been resolved to your complete satisfaction?","questionLabel":null,"validation":{"doesForceResponse":false},"questionName":"Q18","choices":{"1":{"recode":"1","description":"Yes,
        by the tribe or its representatives \n<video class=\"qmedia\" controls=\"true\"
        height=\"268\" preload=\"auto\" width=\"268\"><source src=\"https://i.imgur.com/QlAme0q.mp4\"
        type=\"video/mp4\" /><embed align=\"middle\" autoplay=\"false\" bgcolor=\"white\"
        class=\"qmedia\" controller=\"true\" height=\"268\" pluginspage=\"http://www.apple.com/quicktime/download/\"
        src=\"https://i.imgur.com/QlAme0q.mp4\" type=\"video/quicktime\" width=\"268\"
        /></video>\n","choiceText":"Yes, by the tribe or its representatives \n<video
        class=\"qmedia\" controls=\"true\" height=\"268\" preload=\"auto\" width=\"268\"><source
        src=\"https://i.imgur.com/QlAme0q.mp4\" type=\"video/mp4\" /><embed align=\"middle\"
        autoplay=\"false\" bgcolor=\"white\" class=\"qmedia\" controller=\"true\"
        height=\"268\" pluginspage=\"http://www.apple.com/quicktime/download/\" src=\"https://i.imgur.com/QlAme0q.mp4\"
        type=\"video/quicktime\" width=\"268\" /></video>\n","imageDescription":null,"variableName":null,"analyze":true},"2":{"recode":"2","description":"Yes,
        by me or someone outside the tribe \n<video class=\"qmedia\" controls=\"true\"
        height=\"268\" preload=\"auto\" width=\"268\"><source src=\"https://i.imgur.com/5sRVO4d.mp4\"
        type=\"video/mp4\" /><embed align=\"middle\" autoplay=\"false\" bgcolor=\"white\"
        class=\"qmedia\" controller=\"true\" height=\"268\" pluginspage=\"http://www.apple.com/quicktime/download/\"
        src=\"https://i.imgur.com/5sRVO4d.mp4\" type=\"video/quicktime\" width=\"268\"
        /></video>\n","choiceText":"Yes, by me or someone outside the tribe \n<video
        class=\"qmedia\" controls=\"true\" height=\"268\" preload=\"auto\" width=\"268\"><source
        src=\"https://i.imgur.com/5sRVO4d.mp4\" type=\"video/mp4\" /><embed align=\"middle\"
        autoplay=\"false\" bgcolor=\"white\" class=\"qmedia\" controller=\"true\"
        height=\"268\" pluginspage=\"http://www.apple.com/quicktime/download/\" src=\"https://i.imgur.com/5sRVO4d.mp4\"
        type=\"video/quicktime\" width=\"268\" /></video>\n","imageDescription":null,"variableName":null,"analyze":true},"3":{"recode":"3","description":"No,
        the problem was not resolved \n<video class=\"qmedia\" controls=\"true\" height=\"168\"
        preload=\"auto\" width=\"268\"><source src=\"https://i.imgur.com/i40m72o.mp4\"
        type=\"video/mp4\" /><embed align=\"middle\" autoplay=\"false\" bgcolor=\"white\"
        class=\"qmedia\" controller=\"true\" height=\"168\" pluginspage=\"http://www.apple.com/quicktime/download/\"
        src=\"https://i.imgur.com/i40m72o.mp4\" type=\"video/quicktime\" width=\"268\"
        /></video>\n","choiceText":"No, the problem was not resolved \n<video class=\"qmedia\"
        controls=\"true\" height=\"168\" preload=\"auto\" width=\"268\"><source src=\"https://i.imgur.com/i40m72o.mp4\"
        type=\"video/mp4\" /><embed align=\"middle\" autoplay=\"false\" bgcolor=\"white\"
        class=\"qmedia\" controller=\"true\" height=\"168\" pluginspage=\"http://www.apple.com/quicktime/download/\"
        src=\"https://i.imgur.com/i40m72o.mp4\" type=\"video/quicktime\" width=\"268\"
        /></video>\n","imageDescription":null,"variableName":null,"analyze":true}}},"QID19":{"questionType":{"type":"TE","selector":"ESTB","subSelector":null},"questionText":"Why
        not?","questionLabel":null,"validation":{"doesForceResponse":false},"questionName":"Q19"},"QID22":{"questionType":{"type":"TE","selector":"ESTB","subSelector":null},"questionText":"If
        you would like to share any additional comments or experiences about your
        beskar armor, please enter them below.","questionLabel":null,"validation":{"doesForceResponse":false},"questionName":"Q22"}},"exportColumnMap":{"Q63":{"question":"QID63"},"Q16":{"question":"QID16"},"Q17":{"question":"QID17"},"Q18":{"question":"QID18"},"Q19":{"question":"QID19"},"Q22":{"question":"QID22"}},"blocks":{"BL_9z6tnZPkYBL62LH":{"description":"CSAT
        Intro","elements":[{"type":"Question","questionId":"QID63"}]},"BL_bvJSDbLJ6WXqDU9":{"description":"Overall
        Satisfaction, Customer Service, Future","elements":[{"type":"Question","questionId":"QID16"},{"type":"PageBreak"},{"type":"Question","questionId":"QID17"},{"type":"PageBreak"},{"type":"Question","questionId":"QID18"},{"type":"PageBreak"},{"type":"Question","questionId":"QID19"},{"type":"PageBreak"},{"type":"Question","questionId":"QID22"}]}},"flow":[{"type":"Group","flow":[{"type":"EmbeddedData"}]},{"id":"BL_9z6tnZPkYBL62LH","type":"Block"},{"type":"BlockRandomizer","randomizationOptions":{"randomSubset":0,"evenPresentation":false}},{"id":"BL_bvJSDbLJ6WXqDU9","type":"Block"}],"embeddedData":[{"name":"SolutionRevision","defaultValue":"2"}],"comments":{},"loopAndMerge":{},"responseCounts":{"auditable":27,"generated":17,"deleted":0}},"meta":{"httpStatus":"200
        - OK","requestId":"61e450d4-ddd2-4347-bc2d-d24efd69e8b7"}}'
  recorded_at: 2025-08-05 02:59:49
recorded_with: VCR-vcr/2.0.0
